kira  1:tree  2:board  3:stats                                                                      
>▾ [E] KIRA-100  Order b… [~] [OPEN] [###----] 1/2│Select an item to preview.                       
     [T] KIRA-140  Fix snapshot dedup   [ ] [TODO]│                                                 
     [T] KIRA-142  Fix race in … [~] [IN_PROGRESS]│                                                 
                                                  │                                                 
                                                  │                                                 
                                                  │                                                 
                                                  │                                                 
                                                  │                                                 
                                                  │                                                 
                                                  │                                                 
j/k move  l/enter drill  h collapse  gp parent  tab pane  1/2/3 view  ^o/^] jump  : command  / filte