kira  1:tree  2:board  3:stats                                                                      
TODO                │IN_PROGRESS  4/3   │REVIEW  1/2        │DONE               │WONT_DO            
────────────────────│───────────────────│───────────────────│───────────────────│───────────────────
   [ ] KIRA-150  A… │   [~] KIRA-142  … │   [~] KIRA-155  … │   [x] KIRA-101  … │                   
                    │▌  [~] KIRA-160  … │                   │                   │                   
                    │   [~] KIRA-161  … │                   │                   │                   
                    │   [~] KIRA-162  … │                   │                   │                   
                    │                   │                   │                   │                   
                    │                   │                   │                   │                   
                    │                   │                   │                   │                   
                    │                   │                   │                   │                   
h/l column  j/k card  H/L move  enter detail  p peek  1/2/3 view  ^o/^] jump  : command  / filter  y