kira  1:tree  2:board  3:stats                                                                      
TODO                │IN_PROGRESS  4/3   │REVIEW  1/2        │DONE               │WONT_DO            
────────────────────│───────────────────│───────────────────│───────────────────│───────────────────
 [ ] KIRA-150  Add… │ [~] KIRA-142  Fi… │ [~] KIRA-155  Au… │ [x] KIRA-101  In… │                   
                    │>[~] KIRA-160  De… │                   │                   │                   
                    │ [~] KIRA-161  Ba… │                   │                   │                   
                    │ [~] KIRA-162  Fe… │                   │                   │                   
                    │                   │                   │                   │                   
                    │                   │                   │                   │                   
                    │                   │                   │                   │                   
                    │                   │                   │                   │                   
h/l column  j/k card  H/L move  enter detail  p peek  1/2/3 view  ^o/^] jump  : command  / filter  y