Burndown  S-1  2026-07-06 -> 2026-07-17 (points)                                                    
  remaining @#**=  9                                                                                
  ideal     @##*+                                                                                   
  2 unestimated item(s) burn nothing                                                                
                                                                                                    
Velocity (points)                                                                                   
  S-prev-2  ########      12                                                                        
  S-prev-1  ############  18                                                                        
  S-prev-0  ######        9                                                                         
  trailing-3  13                                                                                    