kira  1:tree  2:board  3:stats                                                                      
                                                                                                    
                                                                                                    
                                    No tickets on the board yet.                                    
                                                                                                    
                   Columns: TODO  ·  IN_PROGRESS  ·  REVIEW  ·  DONE  ·  WONT_DO                    
                                                                                                    
                                Create a ticket — n new · : command                                 
                                                                                                    
                                                                                                    
                                                                                                    
h/l column  j/k card  H/L move  b board  enter detail  p peek  gg/G top/bottom  1/2/3 view  ^o/^] ju